<html>
<body>
<pre>
<h1>µVision Build Log</h1>
<h2>Tool Versions:</h2>
IDE-Version: µVision V5.29.0.0
Copyright (C) 2019 ARM Ltd and ARM Germany GmbH. All rights reserved.
License Information: Mustafa Bahaaeldeen, company, LIC=----
 
Tool Versions:
Toolchain:       MDK-Lite  Version: 5.29.0.0
Toolchain Path:  C:\Keil_v5\ARM\ARMCC\Bin
C Compiler:      Armcc.exe V5.06 update 6 (build 750)
Assembler:       Armasm.exe V5.06 update 6 (build 750)
Linker/Locator:  ArmLink.exe V5.06 update 6 (build 750)
Library Manager: ArmAr.exe V5.06 update 6 (build 750)
Hex Converter:   FromElf.exe V5.06 update 6 (build 750)
CPU DLL:         SARMCM3.DLL V5.29.0.0
Dialog DLL:      DCM.DLL V1.17.3.0
Target DLL:      UL2CM3.DLL V1.163.0.0
Dialog DLL:      TCM.DLL V1.36.5.0
 
<h2>Project:</h2>
C:\Users\Mustafa\Desktop\keil_workspace\Cortex_M4_Project\keil_project\Cortex_m4.uvprojx
Project File Date:  04/13/2020

<h2>Output:</h2>
*** Using Compiler 'V5.06 update 6 (build 750)', folder: 'C:\Keil_v5\ARM\ARMCC\Bin'
Build target 'Target 1'
assembling startup_stm32f446xx.s...
compiling HAL_gpio.c...
compiling main.c...
..\Project_files\Application\main.c(13): warning:  #111-D: statement is unreachable
  	return 0;
..\Project_files\Application\main.c: 1 warning, 0 errors
compiling MCAL_gpio.c...
compiling system_stm32f4xx.c...
linking...
Program Size: Code=440 RO-data=468 RW-data=0 ZI-data=1632  
".\Objects\Cortex_m4.axf" - 0 Error(s), 1 Warning(s).

<h2>Software Packages used:</h2>

Package Vendor: ARM
                http://www.keil.com/pack/ARM.CMSIS.5.6.0.pack
                ARM.CMSIS.5.6.0
                CMSIS (Cortex Microcontroller Software Interface Standard)
   * Component: CORE Version: 5.3.0

Package Vendor: Keil
                http://www.keil.com/pack/Keil.STM32F4xx_DFP.2.14.0.pack
                Keil.STM32F4xx_DFP.2.14.0
                STMicroelectronics STM32F4 Series Device Support, Drivers and Examples
   * Component: Startup Version: 2.6.3

<h2>Collection of Component include folders:</h2>
  .\RTE\_Target_1
  C:\Users\Mustafa\AppData\Local\Arm\Packs\ARM\CMSIS\5.6.0\CMSIS\Core\Include
  C:\Users\Mustafa\AppData\Local\Arm\Packs\Keil\STM32F4xx_DFP\2.14.0\Drivers\CMSIS\Device\ST\STM32F4xx\Include

<h2>Collection of Component Files used:</h2>

   * Component: ARM::CMSIS:CORE:5.3.0

   * Component: Keil::Device:Startup:2.6.3
      Source file:   MDK\Device\Source\ARM\STM32F446xx_OPT.s
      Source file:   MDK\Device\Source\ARM\STM32F4xx_OTP.s
      Include file:  Drivers\CMSIS\Device\ST\STM32F4xx\Include\stm32f4xx.h
      Source file:   Drivers\CMSIS\Device\ST\STM32F4xx\Source\Templates\arm\startup_stm32f446xx.s
      Source file:   Drivers\CMSIS\Device\ST\STM32F4xx\Source\Templates\system_stm32f4xx.c
Build Time Elapsed:  00:00:03
</pre>
</body>
</html>
